
> edge-cloud-orchestrator@2.0.0 test D:\Projects\Cloud1\edge-cloud-orchestrator
> vitest run "run" "--reporter=verbose"


[7m[1m[36m RUN [39m[22m[27m [36mv1.6.1[39m [90mD:/Projects/Cloud1/edge-cloud-orchestrator[39m

ΓÇëELIFECYCLEΓÇë Test failed. See above for more details.
